[33mΓ¥»[39m Building...
[32mΓ£ö[39m Building...
Application bundle generation failed. [2.210 seconds]

node.exe : 
[1m[31m[31mX [41;
31m[[41;97mERROR[41
;31m][0m 
[1mNG5002: 
Incomplete block 
"threecircles". If 
you meant to write 
the @ character, you 
should use the 
"&#64;" HTML entity 
instead.[0m 
[1m[35m[plugin 
angular-compiler][0m
At line:1 char:1
+ & "C:\Program Files
\nodejs/node.exe" "C:
\Users\harishkumar.p2
\AppData ...
+ ~~~~~~~~~~~~~~~~~~~
~~~~~~~~~~~~~~~~~~~~~
~~~~~~~~~~~~~~~~~~~~~
~~~~~~~~
    + CategoryInfo   
           : NotSpe  
  cified: ([1m[3   
 1m[31mX...r-com    
piler][0m:Strin    
g) [], RemoteExc    
eption
    + FullyQualified 
   ErrorId : Native  
  CommandError
 

    src/app/features/
careers/careers.compo
nent.ts:95:91:
[37m      95 Γöé 
...ease send your CV 
to info[32m@threecir
cles[37m.com with 
the job title i...
         Γò╡         
                    
[32m~~~~~~~~~~~~~[0m

[39m[22m
